c:\users\yura\projects\themazerunner\themazerunner\x64\debug\vc143.pdb
c:\users\yura\projects\themazerunner\themazerunner\x64\debug\vc143.idb
c:\users\yura\projects\themazerunner\themazerunner\x64\debug\exitportal.obj
c:\users\yura\projects\themazerunner\themazerunner\x64\debug\portalsheet.obj
c:\users\yura\projects\themazerunner\themazerunner\x64\debug\menuchase.obj
c:\users\yura\projects\themazerunner\themazerunner\x64\debug\monsterpinksheet.obj
c:\users\yura\projects\themazerunner\themazerunner\x64\debug\playersheet.obj
c:\users\yura\projects\themazerunner\themazerunner\x64\debug\player.obj
c:\users\yura\projects\themazerunner\themazerunner\x64\debug\monster.obj
c:\users\yura\projects\themazerunner\themazerunner\x64\debug\maze.obj
c:\users\yura\projects\themazerunner\themazerunner\x64\debug\game.obj
c:\users\yura\projects\themazerunner\themazerunner\x64\debug\art.obj
c:\users\yura\projects\themazerunner\themazerunner\x64\debug\main.obj
c:\users\yura\projects\themazerunner\x64\debug\themazerunner.exe
c:\users\yura\projects\themazerunner\x64\debug\themazerunner.pdb
c:\users\yura\projects\themazerunner\themazerunner\x64\debug\themazerunner.ilk
c:\users\yura\projects\themazerunner\themazerunner\x64\debug\themazerunner.tlog\cl.command.1.tlog
c:\users\yura\projects\themazerunner\themazerunner\x64\debug\themazerunner.tlog\cl.items.tlog
c:\users\yura\projects\themazerunner\themazerunner\x64\debug\themazerunner.tlog\cl.read.1.tlog
c:\users\yura\projects\themazerunner\themazerunner\x64\debug\themazerunner.tlog\cl.write.1.tlog
c:\users\yura\projects\themazerunner\themazerunner\x64\debug\themazerunner.tlog\link.command.1.tlog
c:\users\yura\projects\themazerunner\themazerunner\x64\debug\themazerunner.tlog\link.read.1.tlog
c:\users\yura\projects\themazerunner\themazerunner\x64\debug\themazerunner.tlog\link.secondary.1.tlog
c:\users\yura\projects\themazerunner\themazerunner\x64\debug\themazerunner.tlog\link.write.1.tlog
